// Jest Snapshot v1, https://goo.gl/fbAQLP

exports[`<RoutingForm /> should render RoutingForm 1`] = `
.c5 {
  color: red;
}

.c1 {
  display: -webkit-box;
  display: -webkit-flex;
  display: -ms-flexbox;
  display: flex;
  -webkit-flex-direction: column;
  -ms-flex-direction: column;
  flex-direction: column;
  -webkit-box-pack: space-around;
  -webkit-justify-content: space-around;
  -ms-flex-pack: space-around;
  justify-content: space-around;
}

.c0 {
  padding: 30px 15px;
  display: -webkit-box;
  display: -webkit-flex;
  display: -ms-flexbox;
  display: flex;
  -webkit-flex-direction: column;
  -ms-flex-direction: column;
  flex-direction: column;
  -webkit-box-pack: space-around;
  -webkit-justify-content: space-around;
  -ms-flex-pack: space-around;
  justify-content: space-around;
  max-height: 360px;
}

.c6 {
  display: -webkit-box;
  display: -webkit-flex;
  display: -ms-flexbox;
  display: flex;
  -webkit-box-pack: space-around;
  -webkit-justify-content: space-around;
  -ms-flex-pack: space-around;
  justify-content: space-around;
  -webkit-flex-wrap: wrap;
  -ms-flex-wrap: wrap;
  flex-wrap: wrap;
}

.c7 {
  width: 100px;
}

.c4 {
  padding: 0;
  border: none;
  background: none;
  -webkit-box-flex: 1;
  -webkit-flex-grow: 1;
  -ms-flex-positive: 1;
  flex-grow: 1;
}

.c3 {
  width: 90%;
}

.c2 {
  display: -webkit-box;
  display: -webkit-flex;
  display: -ms-flexbox;
  display: flex;
}

@media only screen and (max-width:600px) {
  .c0 {
    width: 50%;
  }
}

@media only screen and (min-width:600px) {
  .c0 {
    width: 360px;
  }
}

<div>
  <form
    action="#"
    class="c0"
  >
    <div
      class="c1"
    >
      <label
        for="starting_location"
      >
        Starting Location
      </label>
      <div
        class="c2"
      >
        <input
          class="c3"
          name="starting_location"
          value="Innocentre, Hong Kong"
        />
        <button
          class="c4"
          type="button"
        >
          ✖
        </button>
      </div>
      <div
        class="c5"
      />
    </div>
    <div
      class="c1"
    >
      <label
        for="drop_off_point"
      >
        Drop Off Point
      </label>
      <div
        class="c2"
      >
        <input
          class="c3"
          name="drop_off_point"
          value="Hong Kong International Airport Terminal 1"
        />
        <button
          class="c4"
          type="button"
        >
          ✖
        </button>
      </div>
      <div
        class="c5"
      />
    </div>
    <div
      class="c1"
    />
    <div
      class="c1"
    >
      <label>
        total distance: 
        1000
      </label>
      <label>
        total time: 
        100
      </label>
    </div>
    <div
      class="c5"
    />
    <div
      class="c6"
    >
      <button
        class="c7"
        disabled=""
        type="submit"
      >
        Loading...
      </button>
      <button
        class="c7"
        disabled=""
        type="reset"
      >
        Reset
      </button>
    </div>
  </form>
</div>
`;
